// Jest Snapshot v1, https://goo.gl/fbAQLP

exports[`returns super heros that can fly 1`] = `
Array [
  Object {
    "powers": "fly x",
  },
  Object {
    "powers": "fly y",
  },
  Object {
    "powers": "fly z",
  },
]
`;
